// Jest Snapshot v1, https://goo.gl/fbAQLP

exports[`<CardsContainer /> renders CardsContainer component 1`] = `
ShallowWrapper {
  Symbol(enzyme.__root__): [Circular],
  Symbol(enzyme.__unrendered__): <WithStyles(CardsContainer)
    data={
      Object {
        "0": Object {
          "imageUrl": "http://testimage",
          "release_date": "December 2016",
          "title": "test title",
          "vote_average": 4.5,
        },
      }
    }
  />,
  Symbol(enzyme.__renderer__): Object {
    "batchedUpdates": [Function],
    "checkPropTypes": [Function],
    "getNode": [Function],
    "render": [Function],
    "simulateError": [Function],
    "simulateEvent": [Function],
    "unmount": [Function],
  },
  Symbol(enzyme.__node__): Object {
    "instance": null,
    "key": undefined,
    "nodeType": "function",
    "props": Object {
      "ItemComponent": [Function],
      "classes": Object {
        "gridContainer": "CardsContainer-gridContainer-3",
        "gridItem": "CardsContainer-gridItem-2",
        "link": "CardsContainer-link-1",
      },
      "data": Object {
        "0": Object {
          "imageUrl": "http://testimage",
          "release_date": "December 2016",
          "title": "test title",
          "vote_average": 4.5,
        },
      },
      "type": "movie",
    },
    "ref": null,
    "rendered": null,
    "type": [Function],
  },
  Symbol(enzyme.__nodes__): Array [
    Object {
      "instance": null,
      "key": undefined,
      "nodeType": "function",
      "props": Object {
        "ItemComponent": [Function],
        "classes": Object {
          "gridContainer": "CardsContainer-gridContainer-3",
          "gridItem": "CardsContainer-gridItem-2",
          "link": "CardsContainer-link-1",
        },
        "data": Object {
          "0": Object {
            "imageUrl": "http://testimage",
            "release_date": "December 2016",
            "title": "test title",
            "vote_average": 4.5,
          },
        },
        "type": "movie",
      },
      "ref": null,
      "rendered": null,
      "type": [Function],
    },
  ],
  Symbol(enzyme.__options__): Object {
    "adapter": ReactSixteenAdapter {
      "options": Object {
        "enableComponentDidUpdateOnSetState": true,
        "legacyContextMode": "parent",
        "lifecycles": Object {
          "componentDidUpdate": Object {
            "onSetState": true,
          },
          "getChildContext": Object {
            "calledByRenderer": false,
          },
          "getDerivedStateFromProps": Object {
            "hasShouldComponentUpdateBug": false,
          },
          "getSnapshotBeforeUpdate": true,
          "setState": Object {
            "skipsComponentDidUpdateOnNullish": true,
          },
        },
      },
    },
  },
  Symbol(enzyme.__childContext__): null,
}
`;
